// Jest Snapshot v1, https://goo.gl/fbAQLP

exports[`<RandomQuoteMachine /> renders correctly 1`] = `
<div
  className="RandomQuoteMachine"
>
  <div
    className="card"
  >
    <div
      className="card-body"
    >
      <h5
        className="card-title"
      >
        Chuck Norris Joke Generator
      </h5>
      <p
        className="card-text"
      >
        
      </p>
      <div
        className="RandomQuoteMachine_buttons"
      >
        <button
          className="btn btn-primary"
          onClick={[Function]}
          type="button"
        >
          New quote
        </button>
        <a
          href="https://twitter.com/intent/tweet?via=P1xt&hashtags=Speedrun&text="
          target="_blank"
        >
          <button
            className="btn btn-success"
            onClick={[Function]}
            type={undefined}
          >
            Tweet joke
          </button>
        </a>
      </div>
    </div>
  </div>
</div>
`;
