// Jest Snapshot v1, https://goo.gl/fbAQLP

exports[`<TicTacToeGame /> renders correctly 1`] = `
<div
  className="TicTacToeGame"
>
  <div
    className="card"
  >
    <h5
      className="TicTacToeGame_title card-title"
    >
      Tic Tac Toe
    </h5>
    <div
      className="card-body"
    >
      <div
        className="TicTacToeGame_grid"
      >
        <div
          className="TicTacToeGame_cell"
          onClick={[Function]}
        >
          
        </div>
        <div
          className="TicTacToeGame_cell"
          onClick={[Function]}
        >
          
        </div>
        <div
          className="TicTacToeGame_cell"
          onClick={[Function]}
        >
          
        </div>
        <div
          className="TicTacToeGame_cell"
          onClick={[Function]}
        >
          
        </div>
        <div
          className="TicTacToeGame_cell"
          onClick={[Function]}
        >
          
        </div>
        <div
          className="TicTacToeGame_cell"
          onClick={[Function]}
        >
          
        </div>
        <div
          className="TicTacToeGame_cell"
          onClick={[Function]}
        >
          
        </div>
        <div
          className="TicTacToeGame_cell"
          onClick={[Function]}
        >
          
        </div>
        <div
          className="TicTacToeGame_cell"
          onClick={[Function]}
        >
          
        </div>
      </div>
    </div>
    <div
      className="card-footer"
    >
      <button
        className="btn btn-info"
        onClick={[Function]}
        type="button"
      >
        New Game
      </button>
    </div>
  </div>
</div>
`;
