// Jest Snapshot v1, https://goo.gl/fbAQLP

exports[`<WikipediaViewer /> renders correctly 1`] = `
<div
  className="WikipediaViewer"
>
  <div
    className="container"
  >
    <div
      className="WikipediaViewer_header row"
    >
      <div
        className="col"
      >
        <h1>
          Wikipedia Viewer
        </h1>
      </div>
    </div>
    <div
      className="row"
    >
      <div
        className="col-9"
      >
        <input
          className="form-control"
          onChange={[Function]}
          placeholder="Search Wikipedia"
          type="text"
          value=""
        />
      </div>
      <div
        className="col-3"
      >
        <a
          href="https://en.wikipedia.org/wiki/Special:Random"
          rel="noopener noreferrer"
          target="_blank"
        >
          <button
            className="btn btn-info"
            onClick={[Function]}
            type={undefined}
          >
            Get Random
          </button>
        </a>
      </div>
    </div>
    <div
      className="WikipediaViewer_results row"
    >
      <ul
        className="list-group"
      />
    </div>
  </div>
</div>
`;
