// Jest Snapshot v1, https://goo.gl/fbAQLP

exports[`<MarkdownPreviewer /> renders correctly 1`] = `
<div
  className="MarkdownPreviewer"
>
  <div
    className="container"
  >
    <div
      className="row"
    >
      <div
        className="col-12 col-sm-6"
      >
        <h2>
          Enter Markdown:
        </h2>
        <hr />
        <div
          className="MarkdownPreviewer_input"
        >
          <textarea
            autoFocus={true}
            className="textInput form-control"
            onChange={[Function]}
            value="# Put markdown here"
          />
        </div>
      </div>
      <div
        className="col-12 col-sm-6"
      >
        <h2>
          Formatted Result:
        </h2>
        <hr />
        <div
          className="MarkdownPreviewer_output"
        >
          <div
            dangerouslySetInnerHTML={
              Object {
                "__html": "<h1 id=\\"put-markdown-here\\">Put markdown here</h1>
              ",
              }
            }
          />
        </div>
      </div>
    </div>
  </div>
</div>
`;
